// Jest Snapshot v1, https://goo.gl/fbAQLP

exports[`Button component matches snapshot 1`] = `
<button
  className="button-style"
  data-testid="button"
>
  save
</button>
`;
